17:05:47 **** Incremental Build of configuration Debug for project LAB6 ****
make -j12 all 
arm-none-eabi-gcc "../Core/Src/main.c" -mcpu=cortex-m7 -std=gnu11 -g3 -DDEBUG -DUSE_HAL_DRIVER -DSTM32F767xx -c -I../Core/Inc -I../Drivers/STM32F7xx_HAL_Driver/Inc -I../Drivers/STM32F7xx_HAL_Driver/Inc/Legacy -I../Drivers/CMSIS/Device/ST/STM32F7xx/Include -I../Drivers/CMSIS/Include -O0 -ffunction-sections -fdata-sections -Wall -fstack-usage -fcyclomatic-complexity -MMD -MP -MF"Core/Src/main.d" -MT"Core/Src/main.o" --specs=nano.specs -mfpu=fpv5-d16 -mfloat-abi=hard -mthumb -o "Core/Src/main.o"
../Core/Src/main.c: In function 'displayNumber':
../Core/Src/main.c:67:29: warning: format '%d' expects argument of type 'int', but argument 3 has type 'uint32_t' {aka 'long unsigned int'} [-Wformat=]
   67 |         sprintf(toBaseTen,"%d",myInteger);
      |                            ~^  ~~~~~~~~~
      |                             |  |
      |                             |  uint32_t {aka long unsigned int}
      |                             int
      |                            %ld
../Core/Src/main.c: In function 'HAL_ADC_ConvCpltCallback':
../Core/Src/main.c:191:44: warning: format '%X' expects argument of type 'unsigned int', but argument 3 has type 'uint32_t' {aka 'long unsigned int'} [-Wformat=]
  191 |         sprintf(adcResult,"ADC_Val = 0x%010X \n\r", adcVal);
      |                                        ~~~~^        ~~~~~~
      |                                            |        |
      |                                            |        uint32_t {aka long unsigned int}
      |                                            unsigned int
      |                                        %010lX
arm-none-eabi-gcc -o "LAB6.elf" @"objects.list"   -mcpu=cortex-m7 -T"D:\KMITL\3D\semester 1\Microcontroller\MAD_LAB\LAB6\STM32F767ZITX_FLASH.ld" --specs=nosys.specs -Wl,-Map="LAB6.map" -Wl,--gc-sections -static --specs=nano.specs -mfpu=fpv5-d16 -mfloat-abi=hard -mthumb -Wl,--start-group -lc -lm -Wl,--end-group
Finished building target: LAB6.elf
 
arm-none-eabi-size   LAB6.elf 
arm-none-eabi-objdump -h -S  LAB6.elf  > "LAB6.list"
   text	   data	    bss	    dec	    hex	filename
  22464	    100	   3556	  26120	   6608	LAB6.elf
Finished building: default.size.stdout
 
Finished building: LAB6.list
 

17:05:47 Build Finished. 0 errors, 2 warnings. (took 704ms)

