13:18:46 **** Incremental Build of configuration Debug for project LAB7 ****
make -j12 all 
arm-none-eabi-gcc "../Core/Src/main.c" -mcpu=cortex-m7 -std=gnu11 -g3 -DDEBUG -DUSE_HAL_DRIVER -DSTM32F767xx -c -I../Core/Inc -I../Drivers/STM32F7xx_HAL_Driver/Inc -I../Drivers/STM32F7xx_HAL_Driver/Inc/Legacy -I../Drivers/CMSIS/Device/ST/STM32F7xx/Include -I../Drivers/CMSIS/Include -O0 -ffunction-sections -fdata-sections -Wall -fstack-usage -fcyclomatic-complexity -MMD -MP -MF"Core/Src/main.d" -MT"Core/Src/main.o" --specs=nano.specs -mfpu=fpv5-d16 -mfloat-abi=hard -mthumb -o "Core/Src/main.o"
../Core/Src/main.c: In function 'main':
../Core/Src/main.c:139:50: warning: format '%d' expects argument of type 'int', but argument 3 has type 'double' [-Wformat=]
  139 |                           sprintf(toString, ".%03d", dutyCycleB);
      |                                               ~~~^   ~~~~~~~~~~
      |                                                  |   |
      |                                                  int double
      |                                               %03f
arm-none-eabi-gcc -o "LAB7.elf" @"objects.list"   -mcpu=cortex-m7 -T"D:\KMITL\3D\semester 1\Microcontroller\MAD_LAB\LAB7\STM32F767ZITX_FLASH.ld" --specs=nosys.specs -Wl,-Map="LAB7.map" -Wl,--gc-sections -static --specs=nano.specs -mfpu=fpv5-d16 -mfloat-abi=hard -mthumb -Wl,--start-group -lc -lm -Wl,--end-group
Finished building target: LAB7.elf
 
arm-none-eabi-size   LAB7.elf 
arm-none-eabi-objdump -h -S  LAB7.elf  > "LAB7.list"
   text	   data	    bss	    dec	    hex	filename
  20268	    100	   2388	  22756	   58e4	LAB7.elf
Finished building: default.size.stdout
 
Finished building: LAB7.list
 

13:18:47 Build Finished. 0 errors, 1 warnings. (took 613ms)

