20:21:37 **** Incremental Build of configuration Debug for project LAB_SP2 ****
make -j12 all 
arm-none-eabi-gcc "../Core/Src/main.c" -mcpu=cortex-m7 -std=gnu11 -g3 -DDEBUG -DUSE_HAL_DRIVER -DSTM32F767xx -c -I../Core/Inc -I../Drivers/STM32F7xx_HAL_Driver/Inc -I../Drivers/STM32F7xx_HAL_Driver/Inc/Legacy -I../Drivers/CMSIS/Device/ST/STM32F7xx/Include -I../Drivers/CMSIS/Include -O0 -ffunction-sections -fdata-sections -Wall -fstack-usage -fcyclomatic-complexity -MMD -MP -MF"Core/Src/main.d" -MT"Core/Src/main.o" --specs=nano.specs -mfpu=fpv5-d16 -mfloat-abi=hard -mthumb -o "Core/Src/main.o"
../Core/Src/main.c: In function 'HAL_ADC_ConvHalfCpltCallback':
../Core/Src/main.c:66:17: warning: implicit declaration of function 'displayBaseDecimal' [-Wimplicit-function-declaration]
   66 |                 displayBaseDecimal(adc_val[i]);
      |                 ^~~~~~~~~~~~~~~~~~
../Core/Src/main.c: At top level:
../Core/Src/main.c:87:6: warning: conflicting types for 'displayBaseDecimal'; have 'void(uint32_t)' {aka 'void(long unsigned int)'}
   87 | void displayBaseDecimal(uint32_t myNumber){
      |      ^~~~~~~~~~~~~~~~~~
../Core/Src/main.c:66:17: note: previous implicit declaration of 'displayBaseDecimal' with type 'void(uint32_t)' {aka 'void(long unsigned int)'}
   66 |                 displayBaseDecimal(adc_val[i]);
      |                 ^~~~~~~~~~~~~~~~~~
../Core/Src/main.c: In function 'displayBaseDecimal':
../Core/Src/main.c:89:29: warning: format '%d' expects argument of type 'int', but argument 3 has type 'uint32_t' {aka 'long unsigned int'} [-Wformat=]
   89 |         sprintf(toDecimal,"%d",myNumber);
      |                            ~^  ~~~~~~~~
      |                             |  |
      |                             |  uint32_t {aka long unsigned int}
      |                             int
      |                            %ld
arm-none-eabi-gcc -o "LAB_SP2.elf" @"objects.list"   -mcpu=cortex-m7 -T"D:\KMITL\3D\semester 1\Microcontroller\MAD_LAB\LAB_SP2\STM32F767ZITX_FLASH.ld" --specs=nosys.specs -Wl,-Map="LAB_SP2.map" -Wl,--gc-sections -static --specs=nano.specs -mfpu=fpv5-d16 -mfloat-abi=hard -mthumb -Wl,--start-group -lc -lm -Wl,--end-group
Finished building target: LAB_SP2.elf
 
arm-none-eabi-size   LAB_SP2.elf 
arm-none-eabi-objdump -h -S  LAB_SP2.elf  > "LAB_SP2.list"
   text	   data	    bss	    dec	    hex	filename
  18884	    100	   2236	  21220	   52e4	LAB_SP2.elf
Finished building: default.size.stdout
 
Finished building: LAB_SP2.list
 

20:21:37 Build Finished. 0 errors, 3 warnings. (took 597ms)

