17:46:07 **** Incremental Build of configuration Debug for project LABCHALLENGE ****
make -j12 all 
arm-none-eabi-gcc "../Core/Src/main.c" -mcpu=cortex-m7 -std=gnu11 -g3 -DDEBUG -DUSE_HAL_DRIVER -DSTM32F767xx -c -I../Core/Inc -I../Drivers/STM32F7xx_HAL_Driver/Inc -I../Drivers/STM32F7xx_HAL_Driver/Inc/Legacy -I../Drivers/CMSIS/Device/ST/STM32F7xx/Include -I../Drivers/CMSIS/Include -O0 -ffunction-sections -fdata-sections -Wall -fstack-usage -fcyclomatic-complexity -MMD -MP -MF"Core/Src/main.d" -MT"Core/Src/main.o" --specs=nano.specs -mfpu=fpv5-d16 -mfloat-abi=hard -mthumb -o "Core/Src/main.o"
../Core/Src/main.c:52:13: warning: 'MPU_Initialize' declared 'static' but never defined [-Wunused-function]
   52 | static void MPU_Initialize(void);
      |             ^~~~~~~~~~~~~~
arm-none-eabi-gcc -o "LABCHALLENGE.elf" @"objects.list"   -mcpu=cortex-m7 -T"D:\KMITL\3D\semester 1\Microcontroller\MAD_LAB\LABCHALLENGE\STM32F767ZITX_FLASH.ld" --specs=nosys.specs -Wl,-Map="LABCHALLENGE.map" -Wl,--gc-sections -static --specs=nano.specs -mfpu=fpv5-d16 -mfloat-abi=hard -mthumb -Wl,--start-group -lc -lm -Wl,--end-group
Finished building target: LABCHALLENGE.elf
 
arm-none-eabi-size   LABCHALLENGE.elf 
arm-none-eabi-objdump -h -S  LABCHALLENGE.elf  > "LABCHALLENGE.list"
   text	   data	    bss	    dec	    hex	filename
  12352	     20	   2852	  15224	   3b78	LABCHALLENGE.elf
Finished building: default.size.stdout
 
Finished building: LABCHALLENGE.list
 

17:46:08 Build Finished. 0 errors, 1 warnings. (took 610ms)

